******************************************************************************
                  MSP430 Linker PC v4.1.1                      
******************************************************************************
>> Linked Wed Nov 05 14:40:03 2014

OUTPUT FILE NAME:   <Belt_Count_1_4_SoftCheck.out>
ENTRY POINT SYMBOL: "_c_int00"  address: 0000c9ec


MEMORY CONFIGURATION

         name            origin    length      used     unused   attr    fill
----------------------  --------  ---------  --------  --------  ----  --------
  SFR                   00000000   00000010  00000000  00000010  RWIX
  PERIPHERALS_8BIT      00000010   000000f0  00000000  000000f0  RWIX
  PERIPHERALS_16BIT     00000100   00000100  00000000  00000100  RWIX
  RAM                   00000200   00000100  000000f7  00000009  RWIX
  INFOD                 00001000   00000040  00000000  00000040  RWIX
  INFOC                 00001040   00000040  00000000  00000040  RWIX
  INFOB                 00001080   00000040  00000000  00000040  RWIX
  INFOA                 000010c0   00000040  00000000  00000040  RWIX
  FLASH                 0000c000   00003fe0  00000b8e  00003452  RWIX
  INT00                 0000ffe0   00000002  00000000  00000002  RWIX
  INT01                 0000ffe2   00000002  00000000  00000002  RWIX
  INT02                 0000ffe4   00000002  00000000  00000002  RWIX
  INT03                 0000ffe6   00000002  00000000  00000002  RWIX
  INT04                 0000ffe8   00000002  00000000  00000002  RWIX
  INT05                 0000ffea   00000002  00000000  00000002  RWIX
  INT06                 0000ffec   00000002  00000002  00000000  RWIX
  INT07                 0000ffee   00000002  00000002  00000000  RWIX
  INT08                 0000fff0   00000002  00000000  00000002  RWIX
  INT09                 0000fff2   00000002  00000002  00000000  RWIX
  INT10                 0000fff4   00000002  00000000  00000002  RWIX
  INT11                 0000fff6   00000002  00000000  00000002  RWIX
  INT12                 0000fff8   00000002  00000000  00000002  RWIX
  INT13                 0000fffa   00000002  00000002  00000000  RWIX
  INT14                 0000fffc   00000002  00000000  00000002  RWIX
  RESET                 0000fffe   00000002  00000002  00000000  RWIX


SECTION ALLOCATION MAP

 output                                  attributes/
section   page    origin      length       input sections
--------  ----  ----------  ----------   ----------------
.init_array 
*          0    0000c000    00000000     UNINITIALIZED

.data      0    00000200    0000009b     
                  00000200    00000040     UART_Global.obj (.data:Tx_FIFO)
                  00000240    00000015     Global.obj (.data)
                  00000255    00000001     --HOLE--
                  00000256    00000010     UART_Global.obj (.data:Rx_FIFO)
                  00000266    0000000a     Time.obj (.data:BreathTime)
                  00000270    0000000a     Global.obj (.data:arrayDrawResultLen)
                  0000027a    0000000a     Global.obj (.data:arrayShrinkResultLen)
                  00000284    00000006     Data.obj (.data)
                  0000028a    00000006     UART_Global.obj (.data)
                  00000290    00000003     Count.obj (.data)
                  00000293    00000001     --HOLE--
                  00000294    00000003     SPI.obj (.data)
                  00000297    00000001     --HOLE--
                  00000298    00000002     Time.obj (.data)
                  0000029a    00000001     Interrupt.obj (.data)

.TI.persistent 
*          0    00000200    00000000     UNINITIALIZED

.bss       0    0000029c    0000000c     UNINITIALIZED
                  0000029c    00000006     AT45DB081.obj (.bss)
                  000002a2    00000004     SPI.obj (.bss)
                  000002a6    00000002     memorizer.obj (.bss)

.TI.noinit 
*          0    0000029c    00000000     UNINITIALIZED

.stack     0    000002b0    00000050     UNINITIALIZED
                  000002b0    00000002     rts430_eabi.lib : boot.obj (.stack)
                  000002b2    0000004e     --HOLE--

.text      0    0000c000    00000b50     
                  0000c000    000000b0     Time.obj (.text:CalcBreathTime)
                  0000c0b0    0000009c     Data.obj (.text:SendData)
                  0000c14c    0000008c     Count.obj (.text:ResultCalc)
                  0000c1d8    00000068     UART_init.obj (.text:USCI0RX_ISR)
                  0000c240    0000005e     SPI.obj (.text:SPI_init)
                  0000c29e    0000005e     rts430_eabi.lib : copy_decompress_rle.obj (.text:__TI_decompress_rle_core)
                  0000c2fc    0000005e                     : autoinit.obj (.text:_auto_init)
                  0000c35a    00000056     UART_Event.obj (.text:Command_match)
                  0000c3b0    00000056     UART_init.obj (.text:USCI0TX_ISR)
                  0000c406    00000052     Data.obj (.text:Pop)
                  0000c458    00000050     AT45DB081.obj (.text:FlashBuffer2Read)
                  0000c4a8    0000004c     rts430_eabi.lib : lsr16.obj (.text)
                  0000c4f4    0000004a     AT45DB081.obj (.text:FlashBuffer1Write)
                  0000c53e    0000004a     Data.obj (.text:Push)
                  0000c588    00000046     memorizer.obj (.text:write_16)
                  0000c5ce    00000044     memorizer.obj (.text:read_16)
                  0000c612    00000042     UART_FIFO.obj (.text:Tx_FIFO_WriteChar)
                  0000c654    0000003e     AT45DB081.obj (.text:FlashBuffer1ProgAutoErase)
                  0000c692    0000003e     AT45DB081.obj (.text:PageToBuffer2)
                  0000c6d0    0000003c     Interrupt.obj (.text:TA0_ISR)
                  0000c70c    0000003c     UART_Event.obj (.text:UART_OnRx)
                  0000c748    00000038     SPI.obj (.text:SPI_RxFrame)
                  0000c780    00000038     SPI.obj (.text:SPI_TxFrame)
                  0000c7b8    00000032     UART_FIFO.obj (.text:Rx_FIFO_WriteChar)
                  0000c7ea    00000032     UART_FIFO.obj (.text:Tx_FIFO_ReadChar)
                  0000c81c    00000032     UART_init.obj (.text:USCI_A0_init)
                  0000c84e    0000002e     Interrupt.obj (.text:P1_IODect)
                  0000c87c    0000002e     Init.obj (.text:TA0_Init)
                  0000c8aa    00000028     Init.obj (.text:BCSplus_init)
                  0000c8d2    00000028     AT45DB081.obj (.text:GetFlashStatus)
                  0000c8fa    00000028     Interrupt.obj (.text:TA1_ISR)
                  0000c922    00000022     SPI.obj (.text:SPI_Interrupt_Sel)
                  0000c944    0000001e     Count.obj (.text:FlagPlus)
                  0000c962    0000001c     Data.obj (.text:ReadPointer)
                  0000c97e    0000001c     Count.obj (.text:SaveDrawToArray)
                  0000c99a    0000001c     Data.obj (.text:SavePointer)
                  0000c9b6    0000001c     Count.obj (.text:SaveShrinkToArray)
                  0000c9d2    0000001a     UART_Event.obj (.text:UART_SendString)
                  0000c9ec    0000001a     rts430_eabi.lib : boot.obj (.text:_c_int00_noexit)
                  0000ca06    00000018     Init.obj (.text:ALL_Init)
                  0000ca1e    00000018     Count.obj (.text:FlagSub)
                  0000ca36    00000016     Time.obj (.text:Real_Time)
                  0000ca4c    00000016     UART_Event.obj (.text:UART_OnTx)
                  0000ca62    00000014     memorizer.obj (.text:AT45DB081_init)
                  0000ca76    00000014     Init.obj (.text:GPIO_Init)
                  0000ca8a    00000014     UART_FIFO.obj (.text:Rx_FIFO_Clear)
                  0000ca9e    00000014     UART_FIFO.obj (.text:Tx_FIFO_Clear)
                  0000cab2    00000014     rts430_eabi.lib : copy_zero_init.obj (.text:decompress:ZI:__TI_zero_init)
                  0000cac6    00000014                     : mult16.obj (.text)
                  0000cada    00000012     SPI.obj (.text:SPI_HighSpeed)
                  0000caec    00000012     rts430_eabi.lib : copy_decompress_none.obj (.text:decompress:none:__TI_decompress_none)
                  0000cafe    00000012     main.obj (.text:main)
                  0000cb10    00000012     rts430_eabi.lib : memcpy.obj (.text:memcpy)
                  0000cb22    00000010                     : epilog.obj (.text)
                  0000cb32    00000008     SPI.obj (.text:SPI_CS_High)
                  0000cb3a    00000008     SPI.obj (.text:SPI_CS_Low)
                  0000cb42    00000006     rts430_eabi.lib : copy_decompress_rle.obj (.text:decompress:rle24:__TI_decompress_rle24)
                  0000cb48    00000004                     : pre_init.obj (.text:_system_pre_init)
                  0000cb4c    00000004                     : exit.obj (.text:abort)

.const     0    0000cb50    0000000e     
                  0000cb50    00000007     Data.obj (.const:.string)
                  0000cb57    00000001     --HOLE-- [fill = 0]
                  0000cb58    00000006     UART_Event.obj (.const:.string:strERR)

.cinit     0    0000cb5e    00000030     
                  0000cb5e    0000001d     (.cinit..data.load) [load image, compression = rle]
                  0000cb7b    00000001     --HOLE-- [fill = 0]
                  0000cb7c    00000006     (__TI_handler_table)
                  0000cb82    00000004     (.cinit..bss.load) [load image, compression = zero_init]
                  0000cb86    00000008     (__TI_cinit_table)

USCIAB0TX 
*          0    0000ffec    00000002     
                  0000ffec    00000002     UART_init.obj (.int06)

USCIAB0RX 
*          0    0000ffee    00000002     
                  0000ffee    00000002     UART_init.obj (.int07)

TIMER0_A0 
*          0    0000fff2    00000002     
                  0000fff2    00000002     Interrupt.obj (.int09)

TIMER1_A0 
*          0    0000fffa    00000002     
                  0000fffa    00000002     Interrupt.obj (.int13)

.reset     0    0000fffe    00000002     
                  0000fffe    00000002     rts430_eabi.lib : boot.obj (.reset)


LINKER GENERATED COPY TABLES

__TI_cinit_table @ 0000cb86 records: 2, size/record: 4, table size: 8
	.data: load addr=0000cb5e, load size=0000001d bytes, run addr=00000200, run size=0000009b bytes, compression=rle
	.bss: load addr=0000cb82, load size=00000004 bytes, run addr=0000029c, run size=0000000c bytes, compression=zero_init


LINKER GENERATED HANDLER TABLE

__TI_handler_table @ 0000cb7c records: 3, size/record: 2, table size: 6
	index: 0, handler: __TI_zero_init
	index: 1, handler: __TI_decompress_rle24
	index: 2, handler: __TI_decompress_none


GLOBAL SYMBOLS: SORTED ALPHABETICALLY BY Name 

address    name
--------   ----
0000004a   ADC10AE0
000001b0   ADC10CTL0
000001b2   ADC10CTL1
00000048   ADC10DTC0
00000049   ADC10DTC1
000001b4   ADC10MEM
000001bc   ADC10SA
0000ca06   ALL_Init
0000ca62   AT45DB081_init
00000057   BCSCTL1
00000058   BCSCTL2
00000053   BCSCTL3
0000c8aa   BCSplus_init
00000252   BState
0000c81c   Bluetooth_Init
00000266   BreathTime
0000cb4c   C$$EXIT
00000059   CACTL1
0000005a   CACTL2
000010fb   CALBC1_12MHZ
000010f9   CALBC1_16MHZ
000010ff   CALBC1_1MHZ
000010fd   CALBC1_8MHZ
000010fa   CALDCO_12MHZ
000010f8   CALDCO_16MHZ
000010fe   CALDCO_1MHZ
000010fc   CALDCO_8MHZ
0000005b   CAPD
0000029c   CMD
0000c000   CalcBreathTime
0000c35a   Command_match
00000248   CountDraw
00000240   CountDrawLen
0000024a   CountShrink
00000242   CountShrinkLen
000002a6   D
00000056   DCOCTL
00000128   FCTL1
0000012a   FCTL2
0000012c   FCTL3
00000244   Flag
0000c944   FlagPlus
0000ca1e   FlagSub
0000c654   FlashBuffer1ProgAutoErase
0000c4f4   FlashBuffer1Write
0000c458   FlashBuffer2Read
0000ca76   GPIO_Init
0000c8d2   GetFlashStatus
00000000   IE1
00000001   IE2
00000002   IFG1
00000003   IFG2
00000022   P1DIR
00000025   P1IE
00000024   P1IES
00000023   P1IFG
00000020   P1IN
00000021   P1OUT
00000027   P1REN
00000026   P1SEL
00000041   P1SEL2
0000c84e   P1_IODect
0000002a   P2DIR
0000002d   P2IE
0000002c   P2IES
0000002b   P2IFG
00000028   P2IN
00000029   P2OUT
0000002f   P2REN
0000002e   P2SEL
00000042   P2SEL2
0000001a   P3DIR
00000018   P3IN
00000019   P3OUT
00000010   P3REN
0000001b   P3SEL
00000043   P3SEL2
0000c692   PageToBuffer2
0000c406   Pop
0000c53e   Push
0000c962   ReadPointer
0000ca36   Real_Time
0000c14c   ResultCalc
00000256   Rx_FIFO
0000ca8a   Rx_FIFO_Clear
0000028a   Rx_FIFO_DataNum
0000028b   Rx_FIFO_IndexR
0000028c   Rx_FIFO_IndexW
0000c7b8   Rx_FIFO_WriteChar
0000cb32   SPI_CS_High
0000cb3a   SPI_CS_Low
0000cada   SPI_HighSpeed
0000c922   SPI_Interrupt_Sel
0000c748   SPI_RxFrame
000002a4   SPI_Rx_Buffer
00000296   SPI_Rx_Or_Tx
00000295   SPI_Rx_Size
0000c780   SPI_TxFrame
000002a2   SPI_Tx_Buffer
00000294   SPI_Tx_Size
0000c240   SPI_init
0000c97e   SaveDrawToArray
0000c99a   SavePointer
0000c9b6   SaveShrinkToArray
0000024c   Second
0000c0b0   SendData
00000172   TA0CCR0
00000174   TA0CCR1
00000176   TA0CCR2
00000162   TA0CCTL0
00000164   TA0CCTL1
00000166   TA0CCTL2
00000160   TA0CTL
0000012e   TA0IV
00000170   TA0R
0000c6d0   TA0_ISR
0000c87c   TA0_Init
00000192   TA1CCR0
00000194   TA1CCR1
00000196   TA1CCR2
00000182   TA1CCTL0
00000184   TA1CCTL1
00000186   TA1CCTL2
00000180   TA1CTL
0000011e   TA1IV
00000190   TA1R
0000c8fa   TA1_ISR
00000246   Temp
0000024e   Timmer_Cycle
00000250   TransmitMode
00000200   Tx_FIFO
0000ca9e   Tx_FIFO_Clear
0000028d   Tx_FIFO_DataNum
0000028e   Tx_FIFO_IndexR
0000028f   Tx_FIFO_IndexW
0000c7ea   Tx_FIFO_ReadChar
0000c612   Tx_FIFO_WriteChar
0000c70c   UART_OnRx
0000ca4c   UART_OnTx
0000c9d2   UART_SendString
0000005d   UCA0ABCTL
00000062   UCA0BR0
00000063   UCA0BR1
00000060   UCA0CTL0
00000061   UCA0CTL1
0000005f   UCA0IRRCTL
0000005e   UCA0IRTCTL
00000064   UCA0MCTL
00000066   UCA0RXBUF
00000065   UCA0STAT
00000067   UCA0TXBUF
0000006a   UCB0BR0
0000006b   UCB0BR1
00000068   UCB0CTL0
00000069   UCB0CTL1
0000006c   UCB0I2CIE
00000118   UCB0I2COA
0000011a   UCB0I2CSA
0000006e   UCB0RXBUF
0000006d   UCB0STAT
0000006f   UCB0TXBUF
0000c1d8   USCI0RX_ISR
0000c3b0   USCI0TX_ISR
0000c81c   USCI_A0_init
00000120   WDTCTL
00000300   __STACK_END
00000050   __STACK_SIZE
0000cb86   __TI_CINIT_Base
0000cb8e   __TI_CINIT_Limit
0000cb7c   __TI_Handler_Table_Base
0000cb82   __TI_Handler_Table_Limit
UNDEFED    __TI_INITARRAY_Base
UNDEFED    __TI_INITARRAY_Limit
00000001   __TI_args_main
0000caec   __TI_decompress_none
0000cb42   __TI_decompress_rle24
00000001   __TI_exit
0000cab2   __TI_zero_init
ffffffff   __binit__
ffffffff   __c_args__
0000cb2e   __mspabi_func_epilog_1
0000cb2c   __mspabi_func_epilog_2
0000cb2a   __mspabi_func_epilog_3
0000cb28   __mspabi_func_epilog_4
0000cb26   __mspabi_func_epilog_5
0000cb24   __mspabi_func_epilog_6
0000cb22   __mspabi_func_epilog_7
0000cac6   __mspabi_mpyi
0000c4a8   __mspabi_srli
0000c4ee   __mspabi_srli_1
0000c4ca   __mspabi_srli_10
0000c4c6   __mspabi_srli_11
0000c4c2   __mspabi_srli_12
0000c4be   __mspabi_srli_13
0000c4ba   __mspabi_srli_14
0000c4b6   __mspabi_srli_15
0000c4ea   __mspabi_srli_2
0000c4e6   __mspabi_srli_3
0000c4e2   __mspabi_srli_4
0000c4de   __mspabi_srli_5
0000c4da   __mspabi_srli_6
0000c4d6   __mspabi_srli_7
0000c4d2   __mspabi_srli_8
0000c4ce   __mspabi_srli_9
0000c2fc   _auto_init
0000c9ec   _c_int00
0000c9ec   _c_int00_noexit
0000fffe   _reset_vector
000002b0   _stack
0000cb48   _system_pre_init
0000cb4c   abort
00000270   arrayDrawResultLen
0000027a   arrayShrinkResultLen
ffffffff   binit
00000254   isInTimmer
0000cafe   main
0000cb10   memcpy
00000284   pageIndex
00000286   pageOffsetIndex
0000c5ce   read_16
0000cb58   strERR
0000c588   write_16


GLOBAL SYMBOLS: SORTED BY Symbol Address 

address    name
--------   ----
00000000   IE1
00000001   IE2
00000001   __TI_args_main
00000001   __TI_exit
00000002   IFG1
00000003   IFG2
00000010   P3REN
00000018   P3IN
00000019   P3OUT
0000001a   P3DIR
0000001b   P3SEL
00000020   P1IN
00000021   P1OUT
00000022   P1DIR
00000023   P1IFG
00000024   P1IES
00000025   P1IE
00000026   P1SEL
00000027   P1REN
00000028   P2IN
00000029   P2OUT
0000002a   P2DIR
0000002b   P2IFG
0000002c   P2IES
0000002d   P2IE
0000002e   P2SEL
0000002f   P2REN
00000041   P1SEL2
00000042   P2SEL2
00000043   P3SEL2
00000048   ADC10DTC0
00000049   ADC10DTC1
0000004a   ADC10AE0
00000050   __STACK_SIZE
00000053   BCSCTL3
00000056   DCOCTL
00000057   BCSCTL1
00000058   BCSCTL2
00000059   CACTL1
0000005a   CACTL2
0000005b   CAPD
0000005d   UCA0ABCTL
0000005e   UCA0IRTCTL
0000005f   UCA0IRRCTL
00000060   UCA0CTL0
00000061   UCA0CTL1
00000062   UCA0BR0
00000063   UCA0BR1
00000064   UCA0MCTL
00000065   UCA0STAT
00000066   UCA0RXBUF
00000067   UCA0TXBUF
00000068   UCB0CTL0
00000069   UCB0CTL1
0000006a   UCB0BR0
0000006b   UCB0BR1
0000006c   UCB0I2CIE
0000006d   UCB0STAT
0000006e   UCB0RXBUF
0000006f   UCB0TXBUF
00000118   UCB0I2COA
0000011a   UCB0I2CSA
0000011e   TA1IV
00000120   WDTCTL
00000128   FCTL1
0000012a   FCTL2
0000012c   FCTL3
0000012e   TA0IV
00000160   TA0CTL
00000162   TA0CCTL0
00000164   TA0CCTL1
00000166   TA0CCTL2
00000170   TA0R
00000172   TA0CCR0
00000174   TA0CCR1
00000176   TA0CCR2
00000180   TA1CTL
00000182   TA1CCTL0
00000184   TA1CCTL1
00000186   TA1CCTL2
00000190   TA1R
00000192   TA1CCR0
00000194   TA1CCR1
00000196   TA1CCR2
000001b0   ADC10CTL0
000001b2   ADC10CTL1
000001b4   ADC10MEM
000001bc   ADC10SA
00000200   Tx_FIFO
00000240   CountDrawLen
00000242   CountShrinkLen
00000244   Flag
00000246   Temp
00000248   CountDraw
0000024a   CountShrink
0000024c   Second
0000024e   Timmer_Cycle
00000250   TransmitMode
00000252   BState
00000254   isInTimmer
00000256   Rx_FIFO
00000266   BreathTime
00000270   arrayDrawResultLen
0000027a   arrayShrinkResultLen
00000284   pageIndex
00000286   pageOffsetIndex
0000028a   Rx_FIFO_DataNum
0000028b   Rx_FIFO_IndexR
0000028c   Rx_FIFO_IndexW
0000028d   Tx_FIFO_DataNum
0000028e   Tx_FIFO_IndexR
0000028f   Tx_FIFO_IndexW
00000294   SPI_Tx_Size
00000295   SPI_Rx_Size
00000296   SPI_Rx_Or_Tx
0000029c   CMD
000002a2   SPI_Tx_Buffer
000002a4   SPI_Rx_Buffer
000002a6   D
000002b0   _stack
00000300   __STACK_END
000010f8   CALDCO_16MHZ
000010f9   CALBC1_16MHZ
000010fa   CALDCO_12MHZ
000010fb   CALBC1_12MHZ
000010fc   CALDCO_8MHZ
000010fd   CALBC1_8MHZ
000010fe   CALDCO_1MHZ
000010ff   CALBC1_1MHZ
0000c000   CalcBreathTime
0000c0b0   SendData
0000c14c   ResultCalc
0000c1d8   USCI0RX_ISR
0000c240   SPI_init
0000c2fc   _auto_init
0000c35a   Command_match
0000c3b0   USCI0TX_ISR
0000c406   Pop
0000c458   FlashBuffer2Read
0000c4a8   __mspabi_srli
0000c4b6   __mspabi_srli_15
0000c4ba   __mspabi_srli_14
0000c4be   __mspabi_srli_13
0000c4c2   __mspabi_srli_12
0000c4c6   __mspabi_srli_11
0000c4ca   __mspabi_srli_10
0000c4ce   __mspabi_srli_9
0000c4d2   __mspabi_srli_8
0000c4d6   __mspabi_srli_7
0000c4da   __mspabi_srli_6
0000c4de   __mspabi_srli_5
0000c4e2   __mspabi_srli_4
0000c4e6   __mspabi_srli_3
0000c4ea   __mspabi_srli_2
0000c4ee   __mspabi_srli_1
0000c4f4   FlashBuffer1Write
0000c53e   Push
0000c588   write_16
0000c5ce   read_16
0000c612   Tx_FIFO_WriteChar
0000c654   FlashBuffer1ProgAutoErase
0000c692   PageToBuffer2
0000c6d0   TA0_ISR
0000c70c   UART_OnRx
0000c748   SPI_RxFrame
0000c780   SPI_TxFrame
0000c7b8   Rx_FIFO_WriteChar
0000c7ea   Tx_FIFO_ReadChar
0000c81c   Bluetooth_Init
0000c81c   USCI_A0_init
0000c84e   P1_IODect
0000c87c   TA0_Init
0000c8aa   BCSplus_init
0000c8d2   GetFlashStatus
0000c8fa   TA1_ISR
0000c922   SPI_Interrupt_Sel
0000c944   FlagPlus
0000c962   ReadPointer
0000c97e   SaveDrawToArray
0000c99a   SavePointer
0000c9b6   SaveShrinkToArray
0000c9d2   UART_SendString
0000c9ec   _c_int00
0000c9ec   _c_int00_noexit
0000ca06   ALL_Init
0000ca1e   FlagSub
0000ca36   Real_Time
0000ca4c   UART_OnTx
0000ca62   AT45DB081_init
0000ca76   GPIO_Init
0000ca8a   Rx_FIFO_Clear
0000ca9e   Tx_FIFO_Clear
0000cab2   __TI_zero_init
0000cac6   __mspabi_mpyi
0000cada   SPI_HighSpeed
0000caec   __TI_decompress_none
0000cafe   main
0000cb10   memcpy
0000cb22   __mspabi_func_epilog_7
0000cb24   __mspabi_func_epilog_6
0000cb26   __mspabi_func_epilog_5
0000cb28   __mspabi_func_epilog_4
0000cb2a   __mspabi_func_epilog_3
0000cb2c   __mspabi_func_epilog_2
0000cb2e   __mspabi_func_epilog_1
0000cb32   SPI_CS_High
0000cb3a   SPI_CS_Low
0000cb42   __TI_decompress_rle24
0000cb48   _system_pre_init
0000cb4c   C$$EXIT
0000cb4c   abort
0000cb58   strERR
0000cb7c   __TI_Handler_Table_Base
0000cb82   __TI_Handler_Table_Limit
0000cb86   __TI_CINIT_Base
0000cb8e   __TI_CINIT_Limit
0000fffe   _reset_vector
ffffffff   __binit__
ffffffff   __c_args__
ffffffff   binit
UNDEFED    __TI_INITARRAY_Base
UNDEFED    __TI_INITARRAY_Limit

[222 symbols]
